[dotenv@17.2.3] injecting env (14) from .env -- tip: ΓÜÖ∩╕Å  specify custom .env file path with { path: '/custom/path/.env' }
Generating itinerary with Gemini 2.5 Flash (using stable SDK)...
Gemini response received successfully.
Response text length: 12796
Fetching real images for itinerary...
Itinerary generated successfully!
Day 1 Weather: Sunny, 20-25┬░C
First Place Name: Notre Dame Cathedral (Exterior)
First Place Address: 6 Parvis Notre-Dame - Pl. Jean-Paul II, 75004 Paris, France
First Place Maps URL: https://www.google.com/maps/search/?api=1&query=48.8529,2.3499
First Hotel Name: H├┤tel Saint-Christophe
First Hotel Address: 17 Rue Lac├⌐p├¿de, 75005 Paris, France
